asset_path	bytes_sent
sub-YutaMouse20/sub-YutaMouse20_ses-YutaMouse20-140327_behavior+ecephys.nwb	2048
sub-YutaMouse37/sub-YutaMouse37_ses-YutaMouse37-150610_behavior+ecephys.nwb	1234
