{
    "AWS/us-east-2": {"latitude": 39.9612, "longitude": -82.9988},
    "GCP/us-central1": {"latitude": 41.2619, "longitude": -95.8608},
    "GitHub": {"latitude": null, "longitude": null},
    "VPN": {"latitude": null, "longitude": null}, "unknown": {"latitude": null, "longitude": null}
}
