region	bytes_sent
GCP/us-central1	1536
AWS/us-east-2	1234
unknown	512
