{
    "000003": {"number_of_unique_countries": 2, "number_of_unique_regions": 3, "total_bytes_sent": 3282},
    "000013": {"number_of_unique_countries": 0, "number_of_unique_regions": 1, "total_bytes_sent": 2886},
    "000108": {"number_of_unique_countries": 0, "number_of_unique_regions": 1, "total_bytes_sent": 1526223}
}
