region	bytes_sent
AWS/us-east-2	1234
GCP/us-central1	1536
unknown	1529621
