{
    "number_of_unique_countries": 2,
    "number_of_unique_regions": 3,
    "total_bytes_sent": 1532391
}
