date	bytes_sent
2021-04-24	1443
2021-12-31	1443
2022-03-16	1746
2022-05-04	1536
2023-01-01	1526223
